// Jest Snapshot v1, https://goo.gl/fbAQLP

exports[`FieldObjectRef Matches Snapshot 1`] = `
"<Fragment>
  <SearchAndSelectDropdown searchFunction={[Function (anonymous)]} handleSelect={[Function (anonymous)]} selectionOverride={{...}} allowMultiple={false} returnFieldOnSelect=\\"_id\\" searchFieldTargetField=\\"name\\" labelField=\\"name\\" className=\\"formFieldInput\\" searchFieldPlaceholder=\\"demoitem\\" required={false} allowEmptySearch={false} initialValue=\\"\\" searchDelay={500} valid={true} />
  <span>
    demounit
  </span>
</Fragment>"
`;

exports[`FieldObjectRef Unit tests Passes props to search and select should provide default search function if searchFn override is null 1`] = `
Object {
  "allowEmptySearch": false,
  "allowMultiple": false,
  "className": "formFieldInput",
  "handleSelect": [Function],
  "initialValue": "",
  "labelField": "name",
  "required": false,
  "returnFieldOnSelect": "_id",
  "searchDelay": 500,
  "searchFieldPlaceholder": "demoitem",
  "searchFieldTargetField": "name",
  "searchFunction": [Function],
  "selectionOverride": Array [
    Object {
      "_id": "demoitem",
      "label": "demoitem",
      "name": "demoitem",
      "uid": "demoitem",
    },
  ],
  "valid": true,
}
`;
