// Jest Snapshot v1, https://goo.gl/fbAQLP

exports[`Data Table - HiddenColumn Panel Snapshot 1`] = `
"<div className=\\"dataTable_hiddenPanel\\">
  <button type=\\"button\\" className=\\"button-one openHiddenButton\\" onClick={[Function: onClick]}>
    Hidden Columns
  </button>
  <ul className=\\"hiddenPanel_hiddenList\\">
    <li>
      <button type=\\"button\\" className=\\"button-one\\" onClick={[Function: onClick]}>
        abc
      </button>
    </li>
    <li>
      <button type=\\"button\\" className=\\"button-one\\" onClick={[Function: onClick]}>
        def
      </button>
    </li>
  </ul>
</div>"
`;
