// Jest Snapshot v1, https://goo.gl/fbAQLP

exports[`FormInputs shallow renders Matches Snapshot 1`] = `
"<section className=\\"form_inputs formSection vert\\">
  <p>
    * is required. (!) has been modified.
  </p>
  <h4 className=\\"formSection_heading\\" />
  <FormField heading={{...}} updateFormData={[Function: mockConstructor]} value=\\"name-1\\" additionalData={{...}} customFieldComponents={{...}} />
  <FormField heading={{...}} updateFormData={[Function: mockConstructor]} value=\\"Name 1\\" additionalData={{...}} customFieldComponents={{...}} />
  <FormField heading={{...}} updateFormData={[Function: mockConstructor]} value=\\"Long Text spanning multiple lines\\\\n  1\\\\n  2\\\\n  3\\\\n  4\\\\n  5\\\\n  6\\\\n  7\\\\n  8\\\\n  9\\\\n  \\" additionalData={{...}} customFieldComponents={{...}} />
  <FormField heading={{...}} updateFormData={[Function: mockConstructor]} value=\\"2019-11-02T12:04:44.626+00:00\\" additionalData={{...}} customFieldComponents={{...}} />
  <FormField heading={{...}} updateFormData={[Function: mockConstructor]} value={[undefined]} additionalData={{...}} customFieldComponents={{...}} />
  <FormField heading={{...}} updateFormData={[Function: mockConstructor]} value={[undefined]} additionalData={{...}} customFieldComponents={{...}} />
  <FormField heading={{...}} updateFormData={[Function: mockConstructor]} value={[undefined]} additionalData={{...}} customFieldComponents={{...}} />
  <FormField heading={{...}} updateFormData={[Function: mockConstructor]} value={[undefined]} additionalData={{...}} customFieldComponents={{...}} />
  <FormField heading={{...}} updateFormData={[Function: mockConstructor]} value={[undefined]} additionalData={{...}} customFieldComponents={{...}} />
  <FormField heading={{...}} updateFormData={[Function: mockConstructor]} value={[undefined]} additionalData={{...}} customFieldComponents={{...}} />
  <FormField heading={{...}} updateFormData={[Function: mockConstructor]} value={[undefined]} additionalData={{...}} customFieldComponents={{...}} />
  <FormField heading={{...}} updateFormData={[Function: mockConstructor]} value={[undefined]} additionalData={{...}} customFieldComponents={{...}} />
  <FormField heading={{...}} updateFormData={[Function: mockConstructor]} value=\\"rep1\\" additionalData={{...}} customFieldComponents={{...}} />
  <FormField heading={{...}} updateFormData={[Function: mockConstructor]} value={[undefined]} additionalData={{...}} customFieldComponents={{...}} />
  <FormField heading={{...}} updateFormData={[Function: mockConstructor]} value={{...}} additionalData={{...}} customFieldComponents={{...}} />
  <FormField heading={{...}} updateFormData={[Function: mockConstructor]} value={[undefined]} additionalData={{...}} customFieldComponents={{...}} />
  <FormField heading={{...}} updateFormData={[Function: mockConstructor]} value={[undefined]} additionalData={{...}} customFieldComponents={{...}} />
  <FormInputs headings={{...}} formData={{...}} updateFormData={[Function: mockConstructor]} orientation=\\"vert\\" heading=\\"Embedded\\" additionalData={{...}} customFieldComponents={{...}} isSection={true} showKey={true} />
  <FormInputs headings={{...}} formData={{...}} updateFormData={[Function: mockConstructor]} orientation=\\"horiz\\" heading=\\"Embedded B\\" additionalData={{...}} customFieldComponents={{...}} isSection={true} showKey={true} />
</section>"
`;
