// Jest Snapshot v1, https://goo.gl/fbAQLP

exports[`form-field Renders Matches Snapshot 1`] = `
"<div className=\\"form_row\\">
  <FieldLabel label=\\"Id\\" inputClassName=\\"form_label\\" hasChanged={false} required={false} hasLabel={true} />
  <DemoFieldComponent updateFormData={[Function: mockConstructor] { _isMockFunction: true, getMockImplementation: [Function (anonymous)], mock: Object [Object: null prototype] { calls: [], instances: [], invocationCallOrder: [], results: [] }, mockClear: [Function (anonymous)], mockReset: [Function (anonymous)], mockRestore: [Function (anonymous)], mockReturnValueOnce: [Function (anonymous)], mockResolvedValueOnce: [Function (anonymous)], mockRejectedValueOnce: [Function (anonymous)], mockReturnValue: [Function (anonymous)], mockResolvedValue: [Function (anonymous)], mockRejectedValue: [Function (anonymous)], mockImplementationOnce: [Function (anonymous)], mockImplementation: [Function (anonymous)], mockReturnThis: [Function (anonymous)], mockName: [Function (anonymous)], getMockName: [Function (anonymous)] }} value=\\"abc\\" additionalData={{...}} uid=\\"id\\" type=\\"text\\" label=\\"Id\\" />
</div>"
`;
