// Jest Snapshot v1, https://goo.gl/fbAQLP

exports[`popup panel Compositions BasicPopupPanel 1`] = `
"<BasicPopupPanel>
  <div className=\\"\\">
    <button type=\\"button\\" className=\\"button-one\\" onClick={[Function: onClick]}>
      Open
    </button>
    <PopupPanel isOpen={false} handleClose={[Function: handleClose]} renderWhenClosed={false} />
  </div>
</BasicPopupPanel>"
`;
