// Jest Snapshot v1, https://goo.gl/fbAQLP

exports[`field-text-area shallow renders Matches Snapshot 1`] = `
"<Fragment>
  <div className=\\"inputWrapper\\" style={{...}}>
    <textarea style={{...}} value=\\"In Informatics, dummy data is benign information that does not contain any useful data, but serves to reserve space where real data is nominally present.\\\\nDummy data can be used as a placeholder for both testing and operational purposes.\\\\n\\\\n\\\\nFor testing, dummy data can also be used as stubs or pad to avoid software testing issues by ensuring that all variables and data fields are occupied. In operational use, dummy data may be transmitted for OPSEC purposes. Dummy data must be rigorously evaluated and documented to ensure that it does not cause unintended effects.\\\\n\\\\n\\" id=\\"uid\\" name=\\"uid\\" onFocus={[Function: onFocus]} onChange={[Function: onChange]} required={false} />
  </div>
  <span>
    unit
  </span>
</Fragment>"
`;
