// Jest Snapshot v1, https://goo.gl/fbAQLP

exports[`AreYouSureBtn Matches Snapshot 1`] = `
"<Fragment>
  <mockConstructor id=\\"areYouSureBtn_popupPanel\\" isOpen={false} handleClose={[Function: handleClose]}>
    <div className=\\"areYouSurePanel_wrap\\">
      <h1>
        Are You Sure?
      </h1>
      <div>
        <button type=\\"button\\" className=\\"areYouSure_cancelBtn button-one\\" onClick={[Function: onClick]}>
          Cancel
        </button>
        <button type=\\"button\\" className=\\"areYouSure_acceptBtn button-two\\" onClick={[Function: onClick]}>
          Confirm
        </button>
      </div>
    </div>
  </mockConstructor>
  <button disabled={false} onClick={[Function: onClick]} type=\\"button\\" className=\\"areYouSureBtn demoClass\\">
    Click me
  </button>
</Fragment>"
`;
