// Jest Snapshot v1, https://goo.gl/fbAQLP

exports[`AreYouSureBtn Matches Snapshot 1`] = `
"<Fragment>
  <mockConstructor isOpen={false} handleClose={[Function: handleClose]}>
    <div>
      <h1>
        Are You Sure?
      </h1>
      <div>
        <button type=\\"button\\" className=\\"areYouSureCancel button-one\\" onClick={[Function: onClick]}>
          Cancel
        </button>
        <button type=\\"button\\" className=\\"areYouSureAccept button-two\\" onClick={[Function: onClick]}>
          Confirm
        </button>
      </div>
    </div>
  </mockConstructor>
  <button disabled={false} onClick={[Function: onClick]} type=\\"button\\" className=\\"areYouSureBtn demoClass\\">
    Click me
  </button>
</Fragment>"
`;
