// Jest Snapshot v1, https://goo.gl/fbAQLP

exports[`SelectionPreview Matches Snapshot 1`] = `
<div
  className="flexHoriz"
>
  <h3>
    Selection Preview
  </h3>
  <styled.ul>
    <styled.li
      key="uid"
    >
      <styled.div>
        Uid
        : 
      </styled.div>
      foo
    </styled.li>
    <styled.li
      key="label"
    >
      <styled.div>
        Label
        : 
      </styled.div>
      Foo
    </styled.li>
    <styled.li
      key="other"
    >
      <styled.div>
        Other
        : 
      </styled.div>
      {custom}
    </styled.li>
  </styled.ul>
</div>
`;
