// Jest Snapshot v1, https://goo.gl/fbAQLP

exports[`SelectionPreview Matches Snapshot 1`] = `
<div
  className="flexHoriz"
>
  <h3>
    Selection Preview
  </h3>
  <ul
    className="selectionPreview_listWrap flexGrow"
  >
    <li
      className="selectionPreview_listItem"
      key="uid"
    >
      <label>
        Uid
        : 
      </label>
      foo
    </li>
    <li
      className="selectionPreview_listItem"
      key="label"
    >
      <label>
        Label
        : 
      </label>
      Foo
    </li>
    <li
      className="selectionPreview_listItem"
      key="other"
    >
      <label>
        Other
        : 
      </label>
      {custom}
    </li>
  </ul>
</div>
`;
