// Jest Snapshot v1, https://goo.gl/fbAQLP

exports[`DataTable Config Manager Snapshot 1`] = `
"<DataTableConfigManager config={{...}}>
  <DemoComponentFunc config={{...}}>
    <div className=\\"Master Component\\">
      <DemoSubComponent>
        <div className=\\"config\\">
          {&quot;allowRowDelete&quot;:true,&quot;allowFilters&quot;:true,&quot;allowSortBy&quot;:true,&quot;allowHiddenColumns&quot;:true,&quot;allowRowEditPanel&quot;:false,&quot;allowEditRow&quot;:true,&quot;allowAddRow&quot;:true,&quot;showSaveBtns&quot;:true,&quot;calculateTotals&quot;:true,&quot;showTotals&quot;:true,&quot;theme&quot;:&quot;default&quot;,&quot;limitHeight&quot;:0,&quot;maxWidth&quot;:2000,&quot;minWidth&quot;:50,&quot;showTable&quot;:true,&quot;showTopMenu&quot;:true,&quot;showBottomMenu&quot;:true,&quot;allowSelection&quot;:false,&quot;hasBtnsColumn&quot;:true,&quot;autoSaveOnNewRow&quot;:false,&quot;showHeadings&quot;:true,&quot;allowColumnResize&quot;:true,&quot;allowCellFocus&quot;:true,&quot;allowSelectionPreview&quot;:false,&quot;autoShowPreview&quot;:false}
        </div>
      </DemoSubComponent>
    </div>
  </DemoComponentFunc>
</DataTableConfigManager>"
`;
