// Jest Snapshot v1, https://goo.gl/fbAQLP

exports[`DataTableDataCell Matches Snapshot 1`] = `
"<DataTableDataCell columnData={{...}} updateData={[Function: updateData]} rowId=\\"row1\\" columnId=\\"col1\\" cellData=\\"a\\" rowData={{...}} componentMap={{...}} isDisabled={false}>
  <div style={{...}}>
    <CellRightClickWrapper readOnly={false} clearCell={[Function: clearCell]} setAsDefault={[Function: setAsDefault]}>
      <RightClickWrapper items={{...}} popupRoot=\\"root\\">
        <div style={{...}} className=\\"popupMenu_righClickWrap false\\" onContextMenu={[Function: handleContextMenu]}>
          <Component columnData={{...}} updateData={[Function: updateData]} rowId=\\"row1\\" columnId=\\"col1\\" cellData=\\"a\\" rowData={{...}} componentMap={{...}} isDisabled={false}>
            <DataTableCellReadOnly columnData={{...}} updateData={[Function: updateData]} rowId=\\"row1\\" columnId=\\"col1\\" cellData=\\"a\\" rowData={{...}} componentMap={{...}} isDisabled={false}>
              <div className=\\"dataTableCellData readOnly\\">
                <div type=\\"button\\" className=\\"dataTableCellData_text\\">
                  a
                </div>
              </div>
            </DataTableCellReadOnly>
          </Component>
        </div>
        <PopupMenu isOpenOverride={false} onCloseCallback={[Function: onCloseCallback]} items={{...}} position={{...}} popupRoot=\\"root\\">
          <div>
            Missing Popup Root
          </div>
        </PopupMenu>
      </RightClickWrapper>
    </CellRightClickWrapper>
  </div>
</DataTableDataCell>"
`;
