// Jest Snapshot v1, https://goo.gl/fbAQLP

exports[`Field Select shallow renders Matches Snapshot 1`] = `
"<Fragment>
  <SearchAndSelectDropdown searchFunction={[Function (anonymous)]} handleSelect={[Function: handleSelect]} selectionOverride={{...}} allowMultiple={false} returnFieldOnSelect=\\"uid\\" searchFieldTargetField=\\"label\\" labelField=\\"label\\" className=\\"formFieldInput\\" searchFieldPlaceholder=\\"a\\" onChange={[Function: onChange]} required={false} searchDelay={0} allowEmptySearch={true} initialValue=\\"\\" valid={true} />
  <span>
    unit
  </span>
</Fragment>"
`;
