// Jest Snapshot v1, https://goo.gl/fbAQLP

exports[`SearchAndSelectDropdown shallow renders Matches Snapshot 1`] = `
"<styled.div className=\\"sas_drop_wrap \\">
  <styled.div className=\\"searchFieldWrap\\">
    <input className=\\"searchField\\" style={{...}} type=\\"text\\" placeholder=\\"helloworld\\" value=\\"\\" onChange={[Function: onSearchFieldChange]} onFocus={[Function: handleEnterSearchField]} onBlur={[Function: onBlur]} onKeyDown={[Function: handleInputKeyDown]} onClick={[Function: handleInputClick]} />
    <styled.button type=\\"button\\" name=\\"Show Results\\" aria-label=\\"Show Results\\" className=\\"dropdownBtn\\" onClick={[Function: handleClickDropdownBtn]}>
      \\\\/
    </styled.button>
    <styled.div className=\\"sas_drop_loadingWrap\\">
      <LoadingIcon isLoading={false} />
    </styled.div>
  </styled.div>
  <CustomSelectDropdown options={{...}} isOpen={false} handleSelect={[Function: handleSelect]} handleClose={[Function: handleDropdownClose]} firstItemRef={{...}} goBackToSearchField={[Function: goBackToSearchField]} position=\\"relative\\" containerRef={{...}} />
</styled.div>"
`;
