// Jest Snapshot v1, https://goo.gl/fbAQLP

exports[`field-file shallow renders Matches Snapshot 1`] = `
"<Fragment>
  <PopupPanel isOpen={false} handleClose={[Function: handleClose]} title=\\"File Selector\\">
    <FileManager handleSelect={[Function: handleSelected]} collectionId=\\"collectionId\\" documentId=\\"documentId\\" fileType=\\"image\\" allowMultiple={false} asyncGetDocuments={[Function: mockConstructor] { _isMockFunction: true, getMockImplementation: [Function (anonymous)], mock: Object [Object: null prototype] { calls: [], instances: [], invocationCallOrder: [], results: [] }, mockClear: [Function (anonymous)], mockReset: [Function (anonymous)], mockRestore: [Function (anonymous)], mockReturnValueOnce: [Function (anonymous)], mockResolvedValueOnce: [Function (anonymous)], mockRejectedValueOnce: [Function (anonymous)], mockReturnValue: [Function (anonymous)], mockResolvedValue: [Function (anonymous)], mockRejectedValue: [Function (anonymous)], mockImplementationOnce: [Function (anonymous)], mockImplementation: [Function (anonymous)], mockReturnThis: [Function (anonymous)], mockName: [Function (anonymous)], getMockName: [Function (anonymous)] }} fileServerUrl=\\"fileserver\\" />
  </PopupPanel>
  <div className=\\"FieldFile\\">
    <div>
      <button type=\\"button\\" className=\\"button-one addFileBtn\\" onClick={[Function: onClick]}>
        Add File
      </button>
    </div>
    <div style={{...}}>
      Files:
      <ItemList viewType=\\"grid\\" items={{...}} overlayButtons={{...}} selectedId={{...}} handleItemClick={[Function: handleItemClick]} />
    </div>
  </div>
</Fragment>"
`;
